// Jest Snapshot v1, https://goo.gl/fbAQLP

exports[`App snapshot should match 1`] = `
<DocumentFragment>
  <div
    class="container"
  >
    <section
      class="header"
    >
      <div
        class="header__dropdown"
      >
        <div
          class="MuiPaper-root MuiPaper-elevation MuiPaper-rounded MuiPaper-elevation1 MuiAccordion-root MuiAccordion-rounded MuiAccordion-gutters accordion css-1808mag-MuiPaper-root-MuiAccordion-root"
          style="--Paper-shadow: 0px 2px 1px -1px rgba(0,0,0,0.2),0px 1px 1px 0px rgba(0,0,0,0.14),0px 1px 3px 0px rgba(0,0,0,0.12);"
        >
          <h3
            class="MuiAccordion-heading css-cy7rkm-MuiAccordion-heading"
          >
            <button
              aria-controls="panel1a-content"
              aria-expanded="false"
              class="MuiButtonBase-root MuiAccordionSummary-root MuiAccordionSummary-gutters css-1f1pi2l-MuiButtonBase-root-MuiAccordionSummary-root"
              id="panel1a-header"
              tabindex="0"
              type="button"
            >
              <span
                class="MuiAccordionSummary-content MuiAccordionSummary-contentGutters css-yfrx4k-MuiAccordionSummary-content"
              >
                <div
                  class="header__dropdown-categories-icon"
                />
                <p
                  class="header__dropdown-categories"
                >
                  Categories
                </p>
              </span>
              <span
                class="MuiAccordionSummary-expandIconWrapper css-1wqf3nl-MuiAccordionSummary-expandIconWrapper"
              >
                <svg
                  aria-hidden="true"
                  class="MuiSvgIcon-root MuiSvgIcon-fontSizeMedium css-1umw9bq-MuiSvgIcon-root"
                  data-testid="ExpandMoreIcon"
                  focusable="false"
                  viewBox="0 0 24 24"
                >
                  <path
                    d="M16.59 8.59 12 13.17 7.41 8.59 6 10l6 6 6-6z"
                  />
                </svg>
              </span>
            </button>
          </h3>
          <div
            class="MuiCollapse-root MuiCollapse-vertical MuiCollapse-hidden css-cwrbtg-MuiCollapse-root"
            style="min-height: 0px;"
          >
            <div
              class="MuiCollapse-wrapper MuiCollapse-vertical css-1x6hinx-MuiCollapse-wrapper"
            >
              <div
                class="MuiCollapse-wrapperInner MuiCollapse-vertical css-1i4ywhz-MuiCollapse-wrapperInner"
              >
                <div
                  aria-labelledby="panel1a-header"
                  class="MuiAccordion-region css-at4ued-MuiAccordion-region"
                  id="panel1a-content"
                  role="region"
                >
                  <div>
                    <div
                      class="MuiAccordionDetails-root css-1lj39kh-MuiAccordionDetails-root"
                    >
                      <a
                        class="header__dropdown-subcategories"
                        href="/anniversary"
                      >
                        Anniversary
                      </a>
                    </div>
                    <div
                      class="MuiAccordionDetails-root css-1lj39kh-MuiAccordionDetails-root"
                    >
                      <a
                        class="header__dropdown-subcategories"
                        href="/friendship"
                      >
                        Friendship
                      </a>
                    </div>
                    <div
                      class="MuiAccordionDetails-root css-1lj39kh-MuiAccordionDetails-root"
                    >
                      <a
                        class="header__dropdown-subcategories"
                        href="/funny"
                      >
                        Funny
                      </a>
                    </div>
                    <div
                      class="MuiAccordionDetails-root css-1lj39kh-MuiAccordionDetails-root"
                    >
                      <a
                        class="header__dropdown-subcategories"
                        href="/haikus"
                      >
                        Haikus
                      </a>
                    </div>
                    <div
                      class="MuiAccordionDetails-root css-1lj39kh-MuiAccordionDetails-root"
                    >
                      <a
                        class="header__dropdown-subcategories"
                        href="/hope"
                      >
                        Hope
                      </a>
                    </div>
                    <div
                      class="MuiAccordionDetails-root css-1lj39kh-MuiAccordionDetails-root"
                    >
                      <a
                        class="header__dropdown-subcategories"
                        href="/life"
                      >
                        Life
                      </a>
                    </div>
                    <div
                      class="MuiAccordionDetails-root css-1lj39kh-MuiAccordionDetails-root"
                    >
                      <a
                        class="header__dropdown-subcategories"
                        href="/love"
                      >
                        Love
                      </a>
                    </div>
                    <div
                      class="MuiAccordionDetails-root css-1lj39kh-MuiAccordionDetails-root"
                    >
                      <a
                        class="header__dropdown-subcategories"
                        href="/sad"
                      >
                        Sad
                      </a>
                    </div>
                  </div>
                  <div
                    class="MuiAccordionDetails-root css-1lj39kh-MuiAccordionDetails-root"
                  >
                    <a
                      class="header__dropdown-subcategories active"
                      href="/"
                    >
                      All
                    </a>
                  </div>
                </div>
              </div>
            </div>
          </div>
        </div>
      </div>
      <div
        class="header__logo"
      >
        <a
          class="header__text-logo-first"
          href="/"
        >
          P
        </a>
        <a
          class="header__logo-icon"
          href="/"
        />
        <a
          class="header__text-logo-second"
          href="/"
        >
          emunity
        </a>
      </div>
      <p
        class="list__presentation"
      >
        Your poem community!
      </p>
      <div
        class="separator"
      />
      <button
        class="header__login"
      />
    </section>
    <div
      class="margin-body"
    >
      <main
        class="dashboard"
      >
        <div
          class="dashboard__accordion"
        >
          <div
            class="MuiPaper-root MuiPaper-elevation MuiPaper-rounded MuiPaper-elevation1 MuiAccordion-root MuiAccordion-rounded MuiAccordion-gutters accordion css-1808mag-MuiPaper-root-MuiAccordion-root"
            style="--Paper-shadow: 0px 2px 1px -1px rgba(0,0,0,0.2),0px 1px 1px 0px rgba(0,0,0,0.14),0px 1px 3px 0px rgba(0,0,0,0.12);"
          >
            <h3
              class="MuiAccordion-heading css-cy7rkm-MuiAccordion-heading"
            >
              <button
                aria-controls="panel1a-content"
                aria-expanded="false"
                class="MuiButtonBase-root MuiAccordionSummary-root MuiAccordionSummary-gutters css-1f1pi2l-MuiButtonBase-root-MuiAccordionSummary-root"
                id="panel1a-header"
                tabindex="0"
                type="button"
              >
                <span
                  class="MuiAccordionSummary-content MuiAccordionSummary-contentGutters css-yfrx4k-MuiAccordionSummary-content"
                >
                  <div
                    class="header__dropdown-categories-icon"
                  />
                  <p
                    class="header__dropdown-categories"
                  >
                    Categories
                  </p>
                </span>
                <span
                  class="MuiAccordionSummary-expandIconWrapper css-1wqf3nl-MuiAccordionSummary-expandIconWrapper"
                >
                  <svg
                    aria-hidden="true"
                    class="MuiSvgIcon-root MuiSvgIcon-fontSizeMedium css-1umw9bq-MuiSvgIcon-root"
                    data-testid="ExpandMoreIcon"
                    focusable="false"
                    viewBox="0 0 24 24"
                  >
                    <path
                      d="M16.59 8.59 12 13.17 7.41 8.59 6 10l6 6 6-6z"
                    />
                  </svg>
                </span>
              </button>
            </h3>
            <div
              class="MuiCollapse-root MuiCollapse-vertical MuiCollapse-hidden css-cwrbtg-MuiCollapse-root"
              style="min-height: 0px;"
            >
              <div
                class="MuiCollapse-wrapper MuiCollapse-vertical css-1x6hinx-MuiCollapse-wrapper"
              >
                <div
                  class="MuiCollapse-wrapperInner MuiCollapse-vertical css-1i4ywhz-MuiCollapse-wrapperInner"
                >
                  <div
                    aria-labelledby="panel1a-header"
                    class="MuiAccordion-region css-at4ued-MuiAccordion-region"
                    id="panel1a-content"
                    role="region"
                  >
                    <div>
                      <div
                        class="MuiAccordionDetails-root css-1lj39kh-MuiAccordionDetails-root"
                      >
                        <a
                          class="header__dropdown-subcategories"
                          href="/anniversary"
                        >
                          Anniversary
                        </a>
                      </div>
                      <div
                        class="MuiAccordionDetails-root css-1lj39kh-MuiAccordionDetails-root"
                      >
                        <a
                          class="header__dropdown-subcategories"
                          href="/friendship"
                        >
                          Friendship
                        </a>
                      </div>
                      <div
                        class="MuiAccordionDetails-root css-1lj39kh-MuiAccordionDetails-root"
                      >
                        <a
                          class="header__dropdown-subcategories"
                          href="/funny"
                        >
                          Funny
                        </a>
                      </div>
                      <div
                        class="MuiAccordionDetails-root css-1lj39kh-MuiAccordionDetails-root"
                      >
                        <a
                          class="header__dropdown-subcategories"
                          href="/haikus"
                        >
                          Haikus
                        </a>
                      </div>
                      <div
                        class="MuiAccordionDetails-root css-1lj39kh-MuiAccordionDetails-root"
                      >
                        <a
                          class="header__dropdown-subcategories"
                          href="/hope"
                        >
                          Hope
                        </a>
                      </div>
                      <div
                        class="MuiAccordionDetails-root css-1lj39kh-MuiAccordionDetails-root"
                      >
                        <a
                          class="header__dropdown-subcategories"
                          href="/life"
                        >
                          Life
                        </a>
                      </div>
                      <div
                        class="MuiAccordionDetails-root css-1lj39kh-MuiAccordionDetails-root"
                      >
                        <a
                          class="header__dropdown-subcategories"
                          href="/love"
                        >
                          Love
                        </a>
                      </div>
                      <div
                        class="MuiAccordionDetails-root css-1lj39kh-MuiAccordionDetails-root"
                      >
                        <a
                          class="header__dropdown-subcategories"
                          href="/sad"
                        >
                          Sad
                        </a>
                      </div>
                    </div>
                    <div
                      class="MuiAccordionDetails-root css-1lj39kh-MuiAccordionDetails-root"
                    >
                      <a
                        class="header__dropdown-subcategories active"
                        href="/"
                      >
                        All
                      </a>
                    </div>
                  </div>
                </div>
              </div>
            </div>
          </div>
        </div>
        <div
          class="dashboard__list"
        >
          <div
            class="MuiBox-root css-2l3c9v"
          >
            <span
              class="MuiCircularProgress-root MuiCircularProgress-indeterminate MuiCircularProgress-colorSecondary css-w58ak0-MuiCircularProgress-root"
              role="progressbar"
              style="width: 40px; height: 40px;"
            >
              <svg
                class="MuiCircularProgress-svg css-54pwck-MuiCircularProgress-svg"
                viewBox="22 22 44 44"
              >
                <circle
                  class="MuiCircularProgress-circle MuiCircularProgress-circleIndeterminate css-19t5dcl-MuiCircularProgress-circle"
                  cx="44"
                  cy="44"
                  fill="none"
                  r="20.2"
                  stroke-width="3.6"
                />
              </svg>
            </span>
          </div>
        </div>
        <div
          class="dashboard__ranking"
        >
          <div
            class="MuiBox-root css-2l3c9v"
          >
            <span
              class="MuiCircularProgress-root MuiCircularProgress-indeterminate MuiCircularProgress-colorSecondary css-w58ak0-MuiCircularProgress-root"
              role="progressbar"
              style="width: 40px; height: 40px;"
            >
              <svg
                class="MuiCircularProgress-svg css-54pwck-MuiCircularProgress-svg"
                viewBox="22 22 44 44"
              >
                <circle
                  class="MuiCircularProgress-circle MuiCircularProgress-circleIndeterminate css-19t5dcl-MuiCircularProgress-circle"
                  cx="44"
                  cy="44"
                  fill="none"
                  r="20.2"
                  stroke-width="3.6"
                />
              </svg>
            </span>
          </div>
        </div>
      </main>
    </div>
  </div>
</DocumentFragment>
`;
